<?xml version="1.0" encoding="UTF-8"?>
<TestRun id="5c8c74f0-fca4-42a5-b557-dccc3127c772" name="ASUS@DESKTOP-9ISVTNF 2018-03-16 09:49:35" runUser="DESKTOP-9ISVTNF\ASUS" xmlns="http://microsoft.com/schemas/VisualStudio/TeamTest/2010">
  <TestSettings name="Local" id="6d5f473a-d7e0-4660-9ed0-91dafc41f8fe">
    <Description>These are default test settings for a local test run.</Description>
    <Deployment enabled="false" runDeploymentRoot="ASUS_DESKTOP-9ISVTNF 2018-03-16 09_49_35">
      <DeploymentItem filename="D:\project\QuanLyTrangTrai\QuanLyTrangTrai\bin\Debug\QuanLyTrangTrai.exe" />
    </Deployment>
    <Execution>
      <TestTypeSpecific />
      <AgentRule name="Execution Agents">
      </AgentRule>
    </Execution>
  </TestSettings>
  <Times creation="2018-03-16T09:49:35.6381269+07:00" queuing="2018-03-16T09:49:35.6905952+07:00" start="2018-03-16T09:49:35.6955810+07:00" finish="2018-03-16T09:49:36.1151385+07:00" />
  <ResultSummary outcome="Warning">
    <Counters total="4" executed="4" passed="4" error="0" failed="0" timeout="0" aborted="0" inconclusive="0" passedButRunAborted="0" notRunnable="0" notExecuted="0" disconnected="0" warning="0" completed="0" inProgress="0" pending="0" />
    <RunInfos>
      <RunInfo computerName="DESKTOP-9ISVTNF" outcome="Warning" timestamp="2018-03-16T09:49:35.6905952+07:00">
        <Text>Deployment is currently disabled. The deployment item 'UnitTestT4rangTrtai\TestData.csv' on test 'UnitTestTrangTrai.UnitTestTrangTrai.TestMethodSuaVatNuoi' was not deployed.</Text>
      </RunInfo>
    </RunInfos>
  </ResultSummary>
  <TestDefinitions>
    <UnitTest name="TestMethodSuaVatNuoi" storage="d:\project\quanlytrangtrai\unittestt4rangtrtai\bin\debug\unittestt4rangtrtai.dll" id="2e74e2aa-8919-1b2e-0109-4c279e7ba774">
      <DeploymentItems>
        <DeploymentItem filename="UnitTestT4rangTrtai\TestData.csv" />
      </DeploymentItems>
      <Execution id="5b2d7c08-2a2e-4081-9a37-57a1b2493cb6" />
      <TestMethod codeBase="D:/project/QuanLyTrangTrai/UnitTestT4rangTrtai/bin/Debug/UnitTestT4rangTrtai.DLL" adapterTypeName="Microsoft.VisualStudio.TestTools.TestTypes.Unit.UnitTestAdapter, Microsoft.VisualStudio.QualityTools.Tips.UnitTest.Adapter, Version=10.0.0.0, Culture=neutral, PublicKeyToken=b03f5f7f11d50a3a" className="UnitTestTrangTrai.UnitTestTrangTrai, UnitTestT4rangTrtai, Version=1.0.0.0, Culture=neutral, PublicKeyToken=null" name="TestMethodSuaVatNuoi" />
      <DataSource connectionString="|DataDirectory|\TestData.csv" providerInvariantName="Microsoft.VisualStudio.TestTools.DataSource.CSV" tableName="TestData#csv" />
    </UnitTest>
  </TestDefinitions>
  <TestLists>
    <TestList name="Results Not in a List" id="8c84fa94-04c1-424b-9868-57a2d4851a1d" />
    <TestList name="All Loaded Results" id="19431567-8539-422a-85d7-44ee4e166bda" />
  </TestLists>
  <TestEntries>
    <TestEntry testId="2e74e2aa-8919-1b2e-0109-4c279e7ba774" executionId="5b2d7c08-2a2e-4081-9a37-57a1b2493cb6" testListId="8c84fa94-04c1-424b-9868-57a2d4851a1d" />
  </TestEntries>
  <Results>
    <UnitTestResult executionId="5b2d7c08-2a2e-4081-9a37-57a1b2493cb6" testId="2e74e2aa-8919-1b2e-0109-4c279e7ba774" testName="TestMethodSuaVatNuoi" computerName="DESKTOP-9ISVTNF" duration="00:00:00.2471506" startTime="2018-03-16T09:49:35.7015983+07:00" endTime="2018-03-16T09:49:36.1001256+07:00" testType="13cdc9d9-ddb5-4fa4-a97d-d965ccfc6d4b" outcome="Passed" testListId="8c84fa94-04c1-424b-9868-57a2d4851a1d" relativeResultsDirectory="5b2d7c08-2a2e-4081-9a37-57a1b2493cb6" resultType="DataDrivenTest">
      <Counters error="0" failed="0" timeout="0" aborted="0" inconclusive="0" passedButRunAborted="0" notRunnable="0" notExecuted="0" disconnected="0" warning="0" passed="3" completed="0" inProgress="0" pending="0" />
      <InnerResults>
        <UnitTestResult executionId="b1b2d22d-b989-4dd5-8326-c2e8ecab21d5" parentExecutionId="5b2d7c08-2a2e-4081-9a37-57a1b2493cb6" testId="2e74e2aa-8919-1b2e-0109-4c279e7ba774" testName="TestMethodSuaVatNuoi" computerName="DESKTOP-9ISVTNF" duration="00:00:00.0808411" startTime="2018-03-16T09:49:35.9764432+07:00" endTime="2018-03-16T09:49:36.0615768+07:00" testType="13cdc9d9-ddb5-4fa4-a97d-d965ccfc6d4b" outcome="Passed" testListId="8c84fa94-04c1-424b-9868-57a2d4851a1d" relativeResultsDirectory="5b2d7c08-2a2e-4081-9a37-57a1b2493cb6" dataRowInfo="0" resultType="DataDrivenDataRow" />
        <UnitTestResult executionId="809460bf-5219-4eed-a34a-b9766d931ad2" parentExecutionId="5b2d7c08-2a2e-4081-9a37-57a1b2493cb6" testId="2e74e2aa-8919-1b2e-0109-4c279e7ba774" testName="TestMethodSuaVatNuoi" computerName="DESKTOP-9ISVTNF" duration="00:00:00.0261621" startTime="2018-03-16T09:49:36.0615768+07:00" endTime="2018-03-16T09:49:36.0875590+07:00" testType="13cdc9d9-ddb5-4fa4-a97d-d965ccfc6d4b" outcome="Passed" testListId="8c84fa94-04c1-424b-9868-57a2d4851a1d" relativeResultsDirectory="5b2d7c08-2a2e-4081-9a37-57a1b2493cb6" dataRowInfo="1" resultType="DataDrivenDataRow" />
        <UnitTestResult executionId="1e9a84f9-aa67-4a04-be1b-58e1d891d024" parentExecutionId="5b2d7c08-2a2e-4081-9a37-57a1b2493cb6" testId="2e74e2aa-8919-1b2e-0109-4c279e7ba774" testName="TestMethodSuaVatNuoi" computerName="DESKTOP-9ISVTNF" duration="00:00:00.0039884" startTime="2018-03-16T09:49:36.0875590+07:00" endTime="2018-03-16T09:49:36.0920759+07:00" testType="13cdc9d9-ddb5-4fa4-a97d-d965ccfc6d4b" outcome="Passed" testListId="8c84fa94-04c1-424b-9868-57a2d4851a1d" relativeResultsDirectory="5b2d7c08-2a2e-4081-9a37-57a1b2493cb6" dataRowInfo="2" resultType="DataDrivenDataRow" />
      </InnerResults>
    </UnitTestResult>
  </Results>
</TestRun>